atumma@QWGW3530J7 Downloads % ssh -i "rds-key-pair.pem" ec2-user@ec2-3-210-205-226.compute-1.amazonaws.com
The authenticity of host 'ec2-3-210-205-226.compute-1.amazonaws.com (3.210.205.226)' can't be established.
ED25519 key fingerprint is SHA256:uJ+1GvIH2mhFw1w1XZ8qEr5Xut6OKHLghXpWGwElopI.
This key is not known by any other names
Are you sure you want to continue connecting (yes/no/[fingerprint])? yes
Warning: Permanently added 'ec2-3-210-205-226.compute-1.amazonaws.com' (ED25519) to the list of known hosts.
   ,     #_
   ~\_  ####_        Amazon Linux 2023
  ~~  \_#####\
  ~~     \###|
  ~~       \#/ ___   https://aws.amazon.com/linux/amazon-linux-2023
   ~~       V~' '->
    ~~~         /
      ~~._.   _/
         _/ _/
       _/m/'
Last login: Wed Jul 26 22:01:42 2023 from 18.206.107.29
[ec2-user@ip-10-1-1-227 ~]$ hostname
ip-10-1-1-227.ec2.internal
[ec2-user@ip-10-1-1-227 ~]$ 
[ec2-user@ip-10-1-1-227 ~]$ 
[ec2-user@ip-10-1-1-227 ~]$ id 
uid=1000(ec2-user) gid=1000(ec2-user) groups=1000(ec2-user),4(adm),10(wheel),190(systemd-journal) context=unconfined_u:unconfined_r:unconfined_t:s0-s0:c0.c1023
[ec2-user@ip-10-1-1-227 ~]$ whoami 
ec2-user
[ec2-user@ip-10-1-1-227 ~]$ sudo yum update -y
Last metadata expiration check: 0:54:44 ago on Wed Jul 26 21:13:43 2023.
Dependencies resolved.
Nothing to do.
Complete!
[ec2-user@ip-10-1-1-227 ~]$ 
[ec2-user@ip-10-1-1-227 ~]$ 
[ec2-user@ip-10-1-1-227 ~]$ 
[ec2-user@ip-10-1-1-227 ~]$ 
[ec2-user@ip-10-1-1-227 ~]$ 
[ec2-user@ip-10-1-1-227 ~]$ ls 
[ec2-user@ip-10-1-1-227 ~]$ which mysql 
/usr/bin/which: no mysql in (/home/ec2-user/.local/bin:/home/ec2-user/bin:/usr/local/bin:/usr/bin:/usr/local/sbin:/usr/sbin)
[ec2-user@ip-10-1-1-227 ~]$ sudo yum install -y mariadb-server
Last metadata expiration check: 0:55:03 ago on Wed Jul 26 21:13:43 2023.
No match for argument: mariadb-server
Error: Unable to find a match: mariadb-server
[ec2-user@ip-10-1-1-227 ~]$ sudo dnf update -y
Last metadata expiration check: 0:55:54 ago on Wed Jul 26 21:13:43 2023.
Dependencies resolved.
Nothing to do.
Complete!
[ec2-user@ip-10-1-1-227 ~]$ sudo dnf install mariadb105
Last metadata expiration check: 0:56:00 ago on Wed Jul 26 21:13:43 2023.
Dependencies resolved.
====================================================================================================================================================================================================================
 Package                                                     Architecture                            Version                                                     Repository                                    Size
====================================================================================================================================================================================================================
Installing:
 mariadb105                                                  x86_64                                  3:10.5.18-1.amzn2023.0.1                                    amazonlinux                                  1.6 M
Installing dependencies:
 mariadb-connector-c                                         x86_64                                  3.1.13-1.amzn2023.0.3                                       amazonlinux                                  196 k
 mariadb-connector-c-config                                  noarch                                  3.1.13-1.amzn2023.0.3                                       amazonlinux                                  9.2 k
 mariadb105-common                                           x86_64                                  3:10.5.18-1.amzn2023.0.1                                    amazonlinux                                   31 k
 perl-Sys-Hostname                                           x86_64                                  1.23-477.amzn2023.0.5                                       amazonlinux                                   18 k

Transaction Summary
====================================================================================================================================================================================================================
Install  5 Packages

Total download size: 1.8 M
Installed size: 19 M
Is this ok [y/N]: y
Downloading Packages:
(1/5): perl-Sys-Hostname-1.23-477.amzn2023.0.5.x86_64.rpm                                                                                                                           286 kB/s |  18 kB     00:00    
(2/5): mariadb105-common-10.5.18-1.amzn2023.0.1.x86_64.rpm                                                                                                                          1.3 MB/s |  31 kB     00:00    
(3/5): mariadb-connector-c-3.1.13-1.amzn2023.0.3.x86_64.rpm                                                                                                                         2.0 MB/s | 196 kB     00:00    
(4/5): mariadb-connector-c-config-3.1.13-1.amzn2023.0.3.noarch.rpm                                                                                                                  583 kB/s | 9.2 kB     00:00    
(5/5): mariadb105-10.5.18-1.amzn2023.0.1.x86_64.rpm                                                                                                                                  13 MB/s | 1.6 MB     00:00    
--------------------------------------------------------------------------------------------------------------------------------------------------------------------------------------------------------------------
Total                                                                                                                                                                               9.7 MB/s | 1.8 MB     00:00     
Running transaction check
Transaction check succeeded.
Running transaction test
Transaction test succeeded.
Running transaction
  Preparing        :                                                                                                                                                                                            1/1 
  Installing       : mariadb-connector-c-config-3.1.13-1.amzn2023.0.3.noarch                                                                                                                                    1/5 
  Installing       : mariadb-connector-c-3.1.13-1.amzn2023.0.3.x86_64                                                                                                                                           2/5 
  Installing       : mariadb105-common-3:10.5.18-1.amzn2023.0.1.x86_64                                                                                                                                          3/5 
  Installing       : perl-Sys-Hostname-1.23-477.amzn2023.0.5.x86_64                                                                                                                                             4/5 
  Installing       : mariadb105-3:10.5.18-1.amzn2023.0.1.x86_64                                                                                                                                                 5/5 
  Running scriptlet: mariadb105-3:10.5.18-1.amzn2023.0.1.x86_64                                                                                                                                                 5/5 
  Verifying        : mariadb105-3:10.5.18-1.amzn2023.0.1.x86_64                                                                                                                                                 1/5 
  Verifying        : perl-Sys-Hostname-1.23-477.amzn2023.0.5.x86_64                                                                                                                                             2/5 
  Verifying        : mariadb-connector-c-3.1.13-1.amzn2023.0.3.x86_64                                                                                                                                           3/5 
  Verifying        : mariadb105-common-3:10.5.18-1.amzn2023.0.1.x86_64                                                                                                                                          4/5 
  Verifying        : mariadb-connector-c-config-3.1.13-1.amzn2023.0.3.noarch                                                                                                                                    5/5 

Installed:
  mariadb-connector-c-3.1.13-1.amzn2023.0.3.x86_64    mariadb-connector-c-config-3.1.13-1.amzn2023.0.3.noarch    mariadb105-3:10.5.18-1.amzn2023.0.1.x86_64    mariadb105-common-3:10.5.18-1.amzn2023.0.1.x86_64   
  perl-Sys-Hostname-1.23-477.amzn2023.0.5.x86_64     

Complete!
[ec2-user@ip-10-1-1-227 ~]$ mysql -h udacity.ca9776btlfmz.us-east-1.rds.amazonaws.com -P 3306 -u admin -p
Enter password: 
Welcome to the MariaDB monitor.  Commands end with ; or \g.
Your MySQL connection id is 20
Server version: 8.0.33 Source distribution

Copyright (c) 2000, 2018, Oracle, MariaDB Corporation Ab and others.

Type 'help;' or '\h' for help. Type '\c' to clear the current input statement.

MySQL [(none)]> show databases; 
+--------------------+
| Database           |
+--------------------+
| information_schema |
| mysql              |
| performance_schema |
| sys                |
| udacity            |
+--------------------+
5 rows in set (0.002 sec)

MySQL [(none)]> use udacity;
Database changed
MySQL [udacity]> show tables; 
Empty set (0.002 sec)

MySQL [udacity]> create table student(id INT PRIMARY KEY, name VARCHAR(50));
Query OK, 0 rows affected (0.232 sec)

MySQL [udacity]> describe student;
+-------+-------------+------+-----+---------+-------+
| Field | Type        | Null | Key | Default | Extra |
+-------+-------------+------+-----+---------+-------+
| id    | int         | NO   | PRI | NULL    |       |
| name  | varchar(50) | YES  |     | NULL    |       |
+-------+-------------+------+-----+---------+-------+
2 rows in set (0.005 sec)

MySQL [udacity]> INSERT INTO student VALUES(1, 'ABC');
Query OK, 1 row affected (0.010 sec)

MySQL [udacity]> INSERT INTO student VALUES(2, 'XYZ');
Query OK, 1 row affected (0.011 sec)

MySQL [udacity]> INSERT INTO student VALUES(3, 'LMN');
Query OK, 1 row affected (0.011 sec)

MySQL [udacity]> SELECT * FROM student;
+----+------+
| id | name |
+----+------+
|  1 | ABC  |
|  2 | XYZ  |
|  3 | LMN  |
+----+------+
3 rows in set (0.003 sec)

MySQL [udacity]> exit;
Bye
[ec2-user@ip-10-1-1-227 ~]$ exit
logout
Connection to ec2-3-210-205-226.compute-1.amazonaws.com closed.
